randomise options: -i filtered_func_data.nii.gz -o randomise -d design.mat -t design.con -m mask.nii.gz -T -c 2.6 -n 10000 
randomise options: -i filtered_func_data.nii.gz -o randomise -d design.mat -t design.con -m mask.nii.gz -T -c 2.6 -n 10000 
Loading Data: 
Data loaded
84 permutations required for exhaustive test of t-test 1
Doing all 84 unique permutations
Starting permutation 1 (Unpermuted data)
randomise options: -i filtered_func_data.nii.gz -o randomise -d design.mat -t design.con -m mask.nii.gz -T -c 2.6 -n 10000 
Loading Data: 
Data loaded
84 permutations required for exhaustive test of t-test 1
Doing all 84 unique permutations
Starting permutation 1 (Unpermuted data)
Starting permutation 2
randomise options: -i filtered_func_data.nii.gz -o randomise -d design.mat -t design.con -m mask.nii.gz -T -c 2.6 -n 10000 
Loading Data: 
Data loaded
84 permutations required for exhaustive test of t-test 1
Doing all 84 unique permutations
Starting permutation 1 (Unpermuted data)
Starting permutation 2
randomise options: -i filtered_func_data.nii.gz -o randomise -d design.mat -t design.con -m mask.nii.gz -T -c 2.6 -n 10000 
Starting permutation 3
Starting permutation 3
Loading Data: 
Data loaded
Starting permutation 2
84 permutations required for exhaustive test of t-test 1
Doing all 84 unique permutations
Starting permutation 1 (Unpermuted data)
randomise options: -i filtered_func_data.nii.gz -o randomise -d design.mat -t design.con -m mask.nii.gz -T -c 2.6 -n 10000 
Starting permutation 4
Starting permutation 4
Starting permutation 3
Loading Data: 
Data loaded
84 permutations required for exhaustive test of t-test 1
Doing all 84 unique permutations
Starting permutation 1 (Unpermuted data)
randomise options: -i filtered_func_data.nii.gz -o randomise -d design.mat -t design.con -m mask.nii.gz -T -c 2.6 -n 10000 
Starting permutation 5
Starting permutation 5
Starting permutation 2
Starting permutation 4
Loading Data: 
Data loaded
84 permutations required for exhaustive test of t-test 1
Doing all 84 unique permutations
Starting permutation 1 (Unpermuted data)
Starting permutation 6
randomise options: -i filtered_func_data.nii.gz -o randomise -d design.mat -t design.con -m mask.nii.gz -T -c 2.6 -n 10000 
Starting permutation 6
Starting permutation 5
Starting permutation 7
Starting permutation 2
Loading Data: 
Data loaded
84 permutations required for exhaustive test of t-test 1
Doing all 84 unique permutations
Starting permutation 1 (Unpermuted data)
Starting permutation 3
Starting permutation 7
randomise options: -i filtered_func_data.nii.gz -o randomise -d design.mat -t design.con -m mask.nii.gz -T -c 2.6 -n 10000 
Starting permutation 6
Starting permutation 2
Loading Data: 
Data loaded
Starting permutation 8
84 permutations required for exhaustive test of t-test 1
Doing all 84 unique permutations
Starting permutation 1 (Unpermuted data)
Starting permutation 7
Starting permutation 3
Starting permutation 4
Starting permutation 8
randomise options: -i filtered_func_data.nii.gz -o randomise -d design.mat -t design.con -m mask.nii.gz -T -c 2.6 -n 10000 
Starting permutation 2
Starting permutation 9
Loading Data: 
Data loaded
84 permutations required for exhaustive test of t-test 1
Doing all 84 unique permutations
Starting permutation 1 (Unpermuted data)
Starting permutation 3
Starting permutation 8
Starting permutation 9
Starting permutation 10
Starting permutation 2
Starting permutation 5
Loading Data: 
Data loaded
Starting permutation 9
Starting permutation 4
84 permutations required for exhaustive test of t-test 1
Doing all 84 unique permutations
Starting permutation 1 (Unpermuted data)
Starting permutation 11
Starting permutation 3
Starting permutation 10
Starting permutation 4
Starting permutation 2
Starting permutation 10
Starting permutation 3
Starting permutation 12
Starting permutation 6
Starting permutation 11
Starting permutation 2
Starting permutation 4
Starting permutation 5
Starting permutation 13
Starting permutation 11
Starting permutation 12
Starting permutation 7
Starting permutation 3
Starting permutation 4
Starting permutation 5
Starting permutation 3
Starting permutation 14
Starting permutation 12
Starting permutation 5
Starting permutation 6
Starting permutation 13
Starting permutation 15
Starting permutation 13
Starting permutation 5
Starting permutation 4
Starting permutation 4
Starting permutation 8
Starting permutation 6
Starting permutation 14
Starting permutation 16
Starting permutation 6
Starting permutation 14
Starting permutation 6
Starting permutation 17
Starting permutation 5
Starting permutation 7
Starting permutation 5
Starting permutation 9
Starting permutation 15
Starting permutation 15
Starting permutation 18
Starting permutation 7
Starting permutation 7
Starting permutation 6
Starting permutation 7
Starting permutation 16
Starting permutation 10
Starting permutation 16
Starting permutation 19
Starting permutation 6
Starting permutation 8
Starting permutation 17
Starting permutation 17
Starting permutation 8
Starting permutation 20
Starting permutation 11
Starting permutation 8
Starting permutation 7
Starting permutation 8
Starting permutation 7
Starting permutation 9
Starting permutation 18
Starting permutation 21
Starting permutation 18
Starting permutation 12
Starting permutation 9
Starting permutation 9
Starting permutation 22
Starting permutation 8
Starting permutation 19
Starting permutation 9
Starting permutation 10
Starting permutation 8
Starting permutation 19
Starting permutation 13
Starting permutation 10
Starting permutation 23
Starting permutation 10
Starting permutation 20
Starting permutation 10
Starting permutation 9
Starting permutation 20
Starting permutation 24
Starting permutation 9
Starting permutation 11
Starting permutation 21
Starting permutation 14
Starting permutation 11
Starting permutation 11
Starting permutation 21
Starting permutation 10
Starting permutation 11
Starting permutation 25
Starting permutation 12
Starting permutation 10
Starting permutation 22
Starting permutation 12
Starting permutation 22
Starting permutation 26
Starting permutation 12
Starting permutation 15
Starting permutation 11
Starting permutation 12
Starting permutation 23
Starting permutation 11
Starting permutation 27
Starting permutation 23
Starting permutation 13
Starting permutation 13
Starting permutation 13
Starting permutation 16
Starting permutation 12
Starting permutation 28
Starting permutation 24
Starting permutation 12
Starting permutation 24
Starting permutation 13
Starting permutation 14
Starting permutation 29
Starting permutation 14
Starting permutation 17
Starting permutation 25
Starting permutation 14
Starting permutation 25
Starting permutation 13
Starting permutation 13
Starting permutation 30
Starting permutation 14
Starting permutation 15
Starting permutation 26
Starting permutation 15
Starting permutation 31
Starting permutation 18
Starting permutation 26
Starting permutation 15
Starting permutation 14
Starting permutation 14
Starting permutation 15
Starting permutation 27
Starting permutation 32
Starting permutation 27
Starting permutation 16
Starting permutation 16
Starting permutation 33
Starting permutation 15
Starting permutation 16
Starting permutation 19
Starting permutation 28
Starting permutation 15
Starting permutation 28
Starting permutation 34
Starting permutation 17
Starting permutation 17
Starting permutation 16
Starting permutation 29
Starting permutation 16
Starting permutation 20
Starting permutation 17
Starting permutation 35
Starting permutation 29
Starting permutation 16
Starting permutation 30
Starting permutation 36
Starting permutation 18
Starting permutation 30
Starting permutation 18
Starting permutation 17
Starting permutation 17
Starting permutation 21
Starting permutation 31
Starting permutation 18
Starting permutation 37
Starting permutation 17
Starting permutation 31
Starting permutation 32
Starting permutation 38
Starting permutation 22
Starting permutation 19
Starting permutation 19
Starting permutation 18
Starting permutation 18
Starting permutation 33
Starting permutation 39
Starting permutation 32
Starting permutation 18
Starting permutation 19
Starting permutation 34
Starting permutation 20
Starting permutation 33
Starting permutation 40
Starting permutation 19
Starting permutation 19
Starting permutation 20
Starting permutation 23
Starting permutation 20
Starting permutation 35
Starting permutation 34
Starting permutation 41
Starting permutation 21
Starting permutation 19
Starting permutation 21
Starting permutation 20
Starting permutation 24
Starting permutation 36
Starting permutation 21
Starting permutation 42
Starting permutation 20
Starting permutation 35
Starting permutation 37
Starting permutation 20
Starting permutation 22
Starting permutation 43
Starting permutation 21
Starting permutation 25
Starting permutation 22
Starting permutation 36
Starting permutation 22
Starting permutation 38
Starting permutation 21
Starting permutation 44
Starting permutation 21
Starting permutation 23
Starting permutation 22
Starting permutation 39
Starting permutation 23
Starting permutation 37
Starting permutation 45
Starting permutation 23
Starting permutation 22
Starting permutation 26
Starting permutation 40
Starting permutation 22
Starting permutation 24
Starting permutation 46
Starting permutation 38
Starting permutation 24
Starting permutation 23
Starting permutation 24
Starting permutation 41
Starting permutation 23
Starting permutation 27
Starting permutation 39
Starting permutation 47
Starting permutation 23
Starting permutation 25
Starting permutation 25
Starting permutation 42
Starting permutation 24
Starting permutation 48
Starting permutation 40
Starting permutation 24
Starting permutation 43
Starting permutation 26
Starting permutation 25
Starting permutation 49
Starting permutation 28
Starting permutation 26
Starting permutation 24
Starting permutation 25
Starting permutation 41
Starting permutation 50
Starting permutation 44
Starting permutation 25
Starting permutation 27
Starting permutation 42
Starting permutation 26
Starting permutation 27
Starting permutation 51
Starting permutation 45
Starting permutation 29
Starting permutation 26
Starting permutation 25
Starting permutation 28
Starting permutation 52
Starting permutation 26
Starting permutation 43
Starting permutation 46
Starting permutation 27
Starting permutation 53
Starting permutation 28
Starting permutation 30
Starting permutation 27
Starting permutation 44
Starting permutation 29
Starting permutation 47
Starting permutation 54
Starting permutation 27
Starting permutation 28
Starting permutation 26
Starting permutation 48
Starting permutation 55
Starting permutation 45
Starting permutation 29
Starting permutation 31
Starting permutation 28
Starting permutation 30
Starting permutation 49
Starting permutation 56
Starting permutation 28
Starting permutation 46
Starting permutation 29
Starting permutation 27
Starting permutation 32
Starting permutation 29
Starting permutation 57
Starting permutation 50
Starting permutation 31
Starting permutation 30
Starting permutation 47
Starting permutation 58
Starting permutation 51
Starting permutation 29
Starting permutation 33
Starting permutation 48
Starting permutation 30
Starting permutation 28
Starting permutation 32
Starting permutation 31
Starting permutation 59
Starting permutation 30
Starting permutation 52
Starting permutation 30
Starting permutation 49
Starting permutation 60
Starting permutation 53
Starting permutation 33
Starting permutation 34
Starting permutation 29
Starting permutation 31
Starting permutation 32
Starting permutation 31
Starting permutation 61
Starting permutation 50
Starting permutation 31
Starting permutation 54
Starting permutation 34
Starting permutation 62
Starting permutation 51
Starting permutation 55
Starting permutation 30
Starting permutation 32
Starting permutation 33
Starting permutation 32
Starting permutation 32
Starting permutation 35
Starting permutation 35
Starting permutation 63
Starting permutation 56
Starting permutation 52
Starting permutation 33
Starting permutation 33
Starting permutation 33
Starting permutation 31
Starting permutation 34
Starting permutation 64
Starting permutation 36
Starting permutation 53
Starting permutation 57
Starting permutation 36
Starting permutation 65
Starting permutation 34
Starting permutation 54
Starting permutation 34
Starting permutation 58
Starting permutation 66
Starting permutation 32
Starting permutation 37
Starting permutation 34
Starting permutation 35
Starting permutation 37
Starting permutation 59
Starting permutation 55
Starting permutation 67
Starting permutation 35
Starting permutation 35
Starting permutation 60
Starting permutation 68
Starting permutation 38
Starting permutation 56
Starting permutation 35
Starting permutation 33
Starting permutation 36
Starting permutation 38
Starting permutation 36
Starting permutation 61
Starting permutation 69
Starting permutation 57
Starting permutation 36
Starting permutation 70
Starting permutation 39
Starting permutation 58
Starting permutation 36
Starting permutation 62
Starting permutation 34
Starting permutation 37
Starting permutation 39
Starting permutation 37
Starting permutation 71
Starting permutation 63
Starting permutation 59
Starting permutation 37
Starting permutation 38
Starting permutation 72
Starting permutation 35
Starting permutation 37
Starting permutation 40
Starting permutation 64
Starting permutation 60
Starting permutation 40
Starting permutation 38
Starting permutation 73
Starting permutation 39
Starting permutation 65
Starting permutation 38
Starting permutation 61
Starting permutation 74
Starting permutation 36
Starting permutation 38
Starting permutation 41
Starting permutation 41
Starting permutation 66
Starting permutation 75
Starting permutation 62
Starting permutation 40
Starting permutation 39
Starting permutation 42
Starting permutation 67
Starting permutation 76
Starting permutation 39
Starting permutation 63
Starting permutation 37
Starting permutation 39
Starting permutation 42
Starting permutation 41
Starting permutation 68
Starting permutation 64
Starting permutation 77
Starting permutation 43
Starting permutation 43
Starting permutation 40
Starting permutation 40
Starting permutation 65
Starting permutation 40
Starting permutation 42
Starting permutation 69
Starting permutation 38
Starting permutation 78
Starting permutation 70
Starting permutation 79
Starting permutation 66
Starting permutation 44
Starting permutation 41
Starting permutation 43
Starting permutation 41
Starting permutation 44
Starting permutation 41
Starting permutation 39
Starting permutation 71
Starting permutation 80
Starting permutation 67
Starting permutation 45
Starting permutation 42
Starting permutation 42
Starting permutation 45
Starting permutation 44
Starting permutation 72
Starting permutation 68
Starting permutation 81
Starting permutation 42
Starting permutation 40
Starting permutation 82
Starting permutation 73
Starting permutation 46
Starting permutation 43
Starting permutation 69
Starting permutation 46
Starting permutation 43
Starting permutation 45
Starting permutation 83
Starting permutation 74
Starting permutation 70
Starting permutation 43
Starting permutation 47
Starting permutation 41
Starting permutation 75
Starting permutation 84
Starting permutation 46
Starting permutation 44
Starting permutation 44
Starting permutation 47
Starting permutation 71
Starting permutation 48
Starting permutation 76
Starting permutation 44
Critical Value for: randomise_clustere_tstat1 is: 138
Starting permutation 45
Starting permutation 48
Starting permutation 72
Starting permutation 42
Starting permutation 45
Starting permutation 47
Starting permutation 77
Critical Value for: randomise_tfce_tstat1 is: 12826.1
Starting permutation 49
Starting permutation 73
Starting permutation 45
Starting permutation 46
84 permutations required for exhaustive test of t-test 2
Doing all 84 unique permutations
Starting permutation 1 (Unpermuted data)
Starting permutation 48
Starting permutation 43
Starting permutation 49
Starting permutation 46
Starting permutation 78
Starting permutation 74
Starting permutation 50
Starting permutation 79
Starting permutation 47
Starting permutation 2
Starting permutation 75
Starting permutation 44
Starting permutation 46
Starting permutation 50
Starting permutation 51
Starting permutation 49
Starting permutation 47
Starting permutation 80
Starting permutation 76
Starting permutation 48
Starting permutation 51
Starting permutation 52
Starting permutation 81
Starting permutation 50
Starting permutation 47
Starting permutation 77
Starting permutation 3
Starting permutation 48
Starting permutation 45
Starting permutation 52
Starting permutation 82
Starting permutation 49
Starting permutation 53
Starting permutation 51
Starting permutation 78
Starting permutation 4
Starting permutation 48
Starting permutation 83
Starting permutation 53
Starting permutation 49
Starting permutation 79
Starting permutation 54
Starting permutation 52
Starting permutation 50
Starting permutation 46
Starting permutation 84
Starting permutation 5
Starting permutation 54
Starting permutation 49
Starting permutation 80
Starting permutation 55
Starting permutation 53
Starting permutation 51
Starting permutation 81
Critical Value for: randomise_clustere_tstat1 is: 203
Starting permutation 50
Starting permutation 55
Starting permutation 6
Starting permutation 47
Starting permutation 82
Starting permutation 50
Starting permutation 56
Starting permutation 54
Critical Value for: randomise_tfce_tstat1 is: 9238.96
Starting permutation 52
Starting permutation 56
Starting permutation 51
Starting permutation 83
Starting permutation 57
84 permutations required for exhaustive test of t-test 2
Doing all 84 unique permutations
Starting permutation 1 (Unpermuted data)
Starting permutation 51
Starting permutation 7
Starting permutation 55
Starting permutation 48
Starting permutation 53
Starting permutation 57
Starting permutation 84
Starting permutation 52
Starting permutation 58
Starting permutation 2
Starting permutation 52
Starting permutation 58
Starting permutation 56
Starting permutation 8
Starting permutation 54
Critical Value for: randomise_clustere_tstat1 is: 233
Starting permutation 49
Starting permutation 59
Starting permutation 3
Starting permutation 53
Starting permutation 53
Starting permutation 59
Starting permutation 57
Critical Value for: randomise_tfce_tstat1 is: 8935.78
Starting permutation 60
Starting permutation 4
Starting permutation 55
Starting permutation 9
Starting permutation 50
Starting permutation 54
Starting permutation 60
Starting permutation 54
84 permutations required for exhaustive test of t-test 2
Doing all 84 unique permutations
Starting permutation 1 (Unpermuted data)
Starting permutation 5
Starting permutation 58
Starting permutation 61
Starting permutation 56
Starting permutation 10
Starting permutation 61
Starting permutation 51
Starting permutation 6
Starting permutation 55
Starting permutation 57
Starting permutation 62
Starting permutation 55
Starting permutation 2
Starting permutation 59
Starting permutation 11
Starting permutation 7
Starting permutation 62
Starting permutation 56
Starting permutation 52
Starting permutation 63
Starting permutation 58
Starting permutation 56
Starting permutation 8
Starting permutation 60
Starting permutation 63
Starting permutation 3
Starting permutation 12
Starting permutation 57
Starting permutation 64
Starting permutation 57
Starting permutation 59
Starting permutation 9
Starting permutation 53
Starting permutation 61
Starting permutation 64
Starting permutation 4
Starting permutation 60
Starting permutation 58
Starting permutation 10
Starting permutation 65
Starting permutation 58
Starting permutation 13
Starting permutation 54
Starting permutation 11
Starting permutation 65
Starting permutation 61
Starting permutation 62
Starting permutation 5
Starting permutation 59
Starting permutation 66
Starting permutation 59
Starting permutation 12
Starting permutation 14
Starting permutation 55
Starting permutation 66
Starting permutation 62
Starting permutation 60
Starting permutation 67
Starting permutation 60
Starting permutation 63
Starting permutation 13
Starting permutation 6
Starting permutation 67
Starting permutation 63
Starting permutation 15
Starting permutation 56
Starting permutation 61
Starting permutation 14
Starting permutation 68
Starting permutation 61
Starting permutation 64
Starting permutation 68
Starting permutation 64
Starting permutation 15
Starting permutation 16
Starting permutation 57
Starting permutation 62
Starting permutation 69
Starting permutation 7
Starting permutation 16
Starting permutation 62
Starting permutation 65
Starting permutation 65
Starting permutation 69
Starting permutation 58
Starting permutation 63
Starting permutation 17
Starting permutation 70
Starting permutation 63
Starting permutation 17
Starting permutation 8
Starting permutation 66
Starting permutation 66
Starting permutation 70
Starting permutation 59
Starting permutation 18
Starting permutation 64
Starting permutation 64
Starting permutation 71
Starting permutation 67
Starting permutation 67
Starting permutation 71
Starting permutation 19
Starting permutation 9
Starting permutation 18
Starting permutation 20
Starting permutation 65
Starting permutation 65
Starting permutation 72
Starting permutation 68
Starting permutation 60
Starting permutation 68
Starting permutation 72
Starting permutation 10
Starting permutation 21
Starting permutation 66
Starting permutation 73
Starting permutation 66
Starting permutation 73
Starting permutation 69
Starting permutation 19
Starting permutation 61
Starting permutation 22
Starting permutation 69
Starting permutation 11
Starting permutation 67
Starting permutation 74
Starting permutation 23
Starting permutation 74
Starting permutation 70
Starting permutation 67
Starting permutation 20
Starting permutation 70
Starting permutation 24
Starting permutation 62
Starting permutation 68
Starting permutation 75
Starting permutation 12
Starting permutation 75
Starting permutation 71
Starting permutation 25
Starting permutation 21
Starting permutation 71
Starting permutation 68
Starting permutation 76
Starting permutation 63
Starting permutation 69
Starting permutation 76
Starting permutation 26
Starting permutation 72
Starting permutation 69
Starting permutation 77
Starting permutation 72
Starting permutation 13
Starting permutation 22
Starting permutation 27
Starting permutation 70
Starting permutation 64
Starting permutation 73
Starting permutation 77
Starting permutation 70
Starting permutation 28
Starting permutation 78
Starting permutation 73
Starting permutation 23
Starting permutation 14
Starting permutation 65
Starting permutation 71
Starting permutation 29
Starting permutation 79
Starting permutation 78
Starting permutation 74
Starting permutation 71
Starting permutation 24
Starting permutation 74
Starting permutation 30
Starting permutation 79
Starting permutation 80
Starting permutation 66
Starting permutation 72
Starting permutation 15
Starting permutation 75
Starting permutation 31
Starting permutation 72
Starting permutation 75
Starting permutation 25
Starting permutation 32
Starting permutation 81
Starting permutation 80
Starting permutation 73
Starting permutation 67
Starting permutation 16
Starting permutation 76
Starting permutation 76
Starting permutation 73
Starting permutation 26
Starting permutation 33
Starting permutation 82
Starting permutation 68
Starting permutation 77
Starting permutation 81
Starting permutation 74
Starting permutation 77
Starting permutation 74
Starting permutation 34
Starting permutation 83
Starting permutation 17
Starting permutation 82
Starting permutation 69
Starting permutation 78
Starting permutation 27
Starting permutation 35
Starting permutation 75
Starting permutation 84
Starting permutation 78
Starting permutation 79
Starting permutation 75
Starting permutation 36
Starting permutation 83
Starting permutation 76
Starting permutation 28
Starting permutation 70
Starting permutation 18
Starting permutation 37
Starting permutation 80
Starting permutation 76
Critical Value for: randomise_clustere_tstat1 is: 159
Starting permutation 79
Starting permutation 84
Starting permutation 38
Critical Value for: randomise_tfce_tstat1 is: 45557.2
Starting permutation 81
Starting permutation 77
Starting permutation 77
Starting permutation 71
Starting permutation 19
Starting permutation 29
84 permutations required for exhaustive test of t-test 2
Doing all 84 unique permutations
Starting permutation 1 (Unpermuted data)
Starting permutation 39
Starting permutation 82
Starting permutation 80
Critical Value for: randomise_clustere_tstat1 is: 104
Starting permutation 78
Starting permutation 78
Starting permutation 20
Starting permutation 40
Starting permutation 83
Starting permutation 72
Critical Value for: randomise_tfce_tstat1 is: 16076.2
Starting permutation 79
Starting permutation 2
Starting permutation 30
Starting permutation 81
Starting permutation 41
Starting permutation 79
84 permutations required for exhaustive test of t-test 2
Doing all 84 unique permutations
Starting permutation 1 (Unpermuted data)
Starting permutation 84
Starting permutation 3
Starting permutation 80
Starting permutation 73
Starting permutation 42
Starting permutation 21
Starting permutation 80
Starting permutation 31
Starting permutation 82
Critical Value for: randomise_clustere_tstat1 is: 232
Starting permutation 43
Starting permutation 4
Starting permutation 2
Starting permutation 81
Starting permutation 32
Starting permutation 74
Starting permutation 81
Critical Value for: randomise_tfce_tstat1 is: 23153.2
Starting permutation 44
Starting permutation 22
Starting permutation 82
Starting permutation 83
Starting permutation 5
84 permutations required for exhaustive test of t-test 2
Doing all 84 unique permutations
Starting permutation 1 (Unpermuted data)
Starting permutation 45
Starting permutation 3
Starting permutation 75
Starting permutation 82
Starting permutation 33
Starting permutation 46
Starting permutation 83
Starting permutation 23
Starting permutation 84
Starting permutation 6
Starting permutation 83
Starting permutation 2
Starting permutation 47
Starting permutation 4
Starting permutation 76
Starting permutation 84
Starting permutation 34
Starting permutation 3
Starting permutation 24
Starting permutation 7
Starting permutation 48
Starting permutation 84
Starting permutation 5
Critical Value for: randomise_clustere_tstat1 is: 458
Starting permutation 49
Starting permutation 77
Starting permutation 4
Starting permutation 35
Starting permutation 8
Critical Value for: randomise_clustere_tstat1 is: 366
Critical Value for: randomise_tfce_tstat1 is: 17470.9
Starting permutation 25
Critical Value for: randomise_clustere_tstat1 is: 726
Starting permutation 50
Starting permutation 6
Starting permutation 5
Critical Value for: randomise_tfce_tstat1 is: 36734.4
Starting permutation 78
Starting permutation 9
84 permutations required for exhaustive test of t-test 2
Doing all 84 unique permutations
Starting permutation 1 (Unpermuted data)
Critical Value for: randomise_tfce_tstat1 is: 20880
Starting permutation 51
Starting permutation 36
Starting permutation 26
84 permutations required for exhaustive test of t-test 2
Doing all 84 unique permutations
Starting permutation 1 (Unpermuted data)
Starting permutation 52
84 permutations required for exhaustive test of t-test 2
Doing all 84 unique permutations
Starting permutation 1 (Unpermuted data)
Starting permutation 79
Starting permutation 6
Starting permutation 10
Starting permutation 7
Starting permutation 37
Starting permutation 2
Starting permutation 53
Starting permutation 2
Starting permutation 2
Starting permutation 80
Starting permutation 7
Starting permutation 8
Starting permutation 11
Starting permutation 54
Starting permutation 3
Starting permutation 27
Starting permutation 3
Starting permutation 3
Starting permutation 38
Starting permutation 81
Starting permutation 55
Starting permutation 4
Starting permutation 12
Starting permutation 8
Starting permutation 9
Starting permutation 56
Starting permutation 4
Starting permutation 4
Starting permutation 28
Starting permutation 5
Starting permutation 57
Starting permutation 82
Starting permutation 9
Starting permutation 5
Starting permutation 13
Starting permutation 5
Starting permutation 10
Starting permutation 39
Starting permutation 58
Starting permutation 6
Starting permutation 59
Starting permutation 29
Starting permutation 6
Starting permutation 6
Starting permutation 7
Starting permutation 10
Starting permutation 83
Starting permutation 11
Starting permutation 14
Starting permutation 60
Starting permutation 40
Starting permutation 8
Starting permutation 7
Starting permutation 30
Starting permutation 61
Starting permutation 7
Starting permutation 15
Starting permutation 11
Starting permutation 84
Starting permutation 41
Starting permutation 9
Starting permutation 12
Starting permutation 62
Starting permutation 8
Starting permutation 31
Starting permutation 8
Starting permutation 16
Starting permutation 63
Starting permutation 10
Starting permutation 42
Starting permutation 12
Critical Value for: randomise_clustere_tstat1 is: 792
Starting permutation 64
Starting permutation 9
Starting permutation 32
Starting permutation 9
Starting permutation 13
Critical Value for: randomise_tfce_tstat1 is: 54962.6
Starting permutation 11
Starting permutation 17
Starting permutation 65
Starting permutation 43
84 permutations required for exhaustive test of t-test 2
Doing all 84 unique permutations
Starting permutation 1 (Unpermuted data)
Starting permutation 13
Starting permutation 10
Starting permutation 66
Starting permutation 33
Starting permutation 14
Starting permutation 18
Starting permutation 10
Starting permutation 12
Starting permutation 67
Starting permutation 11
Starting permutation 2
Starting permutation 44
Starting permutation 13
Starting permutation 14
Starting permutation 19
Starting permutation 68
Starting permutation 11
Starting permutation 15
Starting permutation 34
Starting permutation 3
Starting permutation 12
Starting permutation 69
Starting permutation 45
Starting permutation 14
Starting permutation 15
Starting permutation 20
Starting permutation 4
Starting permutation 70
Starting permutation 13
Starting permutation 12
Starting permutation 15
Starting permutation 16
Starting permutation 35
Starting permutation 16
Starting permutation 71
Starting permutation 5
Starting permutation 46
Starting permutation 14
Starting permutation 16
Starting permutation 21
Starting permutation 72
Starting permutation 36
Starting permutation 17
Starting permutation 6
Starting permutation 13
Starting permutation 17
Starting permutation 47
Starting permutation 15
Starting permutation 73
Starting permutation 17
Starting permutation 22
Starting permutation 7
Starting permutation 37
Starting permutation 18
Starting permutation 74
Starting permutation 18
Starting permutation 14
Starting permutation 16
Starting permutation 8
Starting permutation 19
Starting permutation 48
Starting permutation 75
Starting permutation 23
Starting permutation 18
Starting permutation 19
Starting permutation 38
Starting permutation 17
Starting permutation 15
Starting permutation 9
Starting permutation 76
Starting permutation 20
Starting permutation 77
Starting permutation 20
Starting permutation 24
Starting permutation 49
Starting permutation 18
Starting permutation 19
Starting permutation 10
Starting permutation 16
Starting permutation 78
Starting permutation 39
Starting permutation 21
Starting permutation 19
Starting permutation 11
Starting permutation 79
Starting permutation 25
Starting permutation 20
Starting permutation 17
Starting permutation 21
Starting permutation 80
Starting permutation 22
Starting permutation 40
Starting permutation 50
Starting permutation 12
Starting permutation 20
Starting permutation 18
Starting permutation 81
Starting permutation 26
Starting permutation 21
Starting permutation 22
Starting permutation 23
Starting permutation 13
Starting permutation 41
Starting permutation 21
Starting permutation 82
Starting permutation 51
Starting permutation 19
Starting permutation 83
Starting permutation 14
Starting permutation 27
Starting permutation 23
Starting permutation 24
Starting permutation 22
Starting permutation 42
Starting permutation 84
Starting permutation 22
Starting permutation 52
Starting permutation 25
Starting permutation 15
Starting permutation 20
Starting permutation 23
Critical Value for: randomise_clustere_tstat2 is: 3569
Starting permutation 28
Starting permutation 23
Starting permutation 24
Starting permutation 43
Starting permutation 16
Starting permutation 53
Starting permutation 26
Critical Value for: randomise_tfce_tstat2 is: 16517.3
Starting permutation 24
Starting permutation 21
Starting permutation 17
Finished, exiting.
Starting permutation 24
Starting permutation 29
Starting permutation 27
Starting permutation 25
Starting permutation 44
Starting permutation 25
Starting permutation 18
Starting permutation 30
Starting permutation 54
Starting permutation 22
Starting permutation 26
Starting permutation 45
Starting permutation 19
Starting permutation 28
Starting permutation 26
Starting permutation 25
Starting permutation 31
Starting permutation 27
Starting permutation 55
Starting permutation 29
Starting permutation 23
Starting permutation 20
Starting permutation 32
Starting permutation 26
Starting permutation 46
Starting permutation 30
Starting permutation 28
Starting permutation 27
Starting permutation 56
Starting permutation 21
Starting permutation 31
Starting permutation 24
Starting permutation 33
Starting permutation 47
Starting permutation 29
Starting permutation 22
Starting permutation 32
Starting permutation 27
Starting permutation 57
Starting permutation 34
Starting permutation 30
Starting permutation 25
Starting permutation 28
Starting permutation 23
Starting permutation 33
Starting permutation 28
Starting permutation 48
Starting permutation 58
Starting permutation 31
Starting permutation 35
Starting permutation 26
Starting permutation 34
Starting permutation 24
Starting permutation 29
Starting permutation 32
Starting permutation 36
Starting permutation 59
Starting permutation 25
Starting permutation 30
Starting permutation 35
Starting permutation 49
Starting permutation 29
Starting permutation 27
Starting permutation 33
Starting permutation 37
Starting permutation 36
Starting permutation 60
Starting permutation 26
Starting permutation 31
Starting permutation 30
Starting permutation 37
Starting permutation 34
Starting permutation 38
Starting permutation 28
Starting permutation 27
Starting permutation 50
Starting permutation 61
Starting permutation 32
Starting permutation 35
Starting permutation 39
Starting permutation 38
Starting permutation 31
Starting permutation 28
Starting permutation 51
Starting permutation 39
Starting permutation 29
Starting permutation 62
Starting permutation 36
Starting permutation 40
Starting permutation 33
Starting permutation 32
Starting permutation 30
Starting permutation 29
Starting permutation 40
Starting permutation 52
Starting permutation 37
Starting permutation 34
Starting permutation 41
Starting permutation 30
Starting permutation 63
Starting permutation 33
Starting permutation 31
Starting permutation 41
Starting permutation 38
Starting permutation 53
Starting permutation 35
Starting permutation 42
Starting permutation 31
Starting permutation 32
Starting permutation 64
Starting permutation 42
Starting permutation 36
Starting permutation 39
Starting permutation 34
Starting permutation 32
Starting permutation 43
Starting permutation 33
Starting permutation 43
Starting permutation 54
Starting permutation 37
Starting permutation 40
Starting permutation 65
Starting permutation 35
Starting permutation 33
Starting permutation 34
Starting permutation 44
Starting permutation 38
Starting permutation 41
Starting permutation 55
Starting permutation 34
Starting permutation 66
Starting permutation 44
Starting permutation 35
Starting permutation 36
Starting permutation 39
Starting permutation 42
Starting permutation 45
Starting permutation 56
Starting permutation 35
Starting permutation 36
Starting permutation 40
Starting permutation 45
Starting permutation 67
Starting permutation 43
Starting permutation 37
Starting permutation 46
Starting permutation 37
Starting permutation 36
Starting permutation 57
Starting permutation 46
Starting permutation 41
Starting permutation 44
Starting permutation 38
Starting permutation 37
Starting permutation 47
Starting permutation 38
Starting permutation 47
Starting permutation 68
Starting permutation 45
Starting permutation 39
Starting permutation 38
Starting permutation 58
Starting permutation 42
Starting permutation 40
Starting permutation 39
Starting permutation 48
Starting permutation 48
Starting permutation 46
Starting permutation 69
Starting permutation 39
Starting permutation 43
Starting permutation 59
Starting permutation 40
Starting permutation 47
Starting permutation 41
Starting permutation 49
Starting permutation 49
Starting permutation 70
Starting permutation 48
Starting permutation 44
Starting permutation 40
Starting permutation 41
Starting permutation 60
Starting permutation 50
Starting permutation 42
Starting permutation 50
Starting permutation 49
Starting permutation 42
Starting permutation 41
Starting permutation 45
Starting permutation 51
Starting permutation 71
Starting permutation 61
Starting permutation 43
Starting permutation 50
Starting permutation 51
Starting permutation 43
Starting permutation 52
Starting permutation 46
Starting permutation 42
Starting permutation 44
Starting permutation 51
Starting permutation 52
Starting permutation 62
Starting permutation 72
Starting permutation 44
Starting permutation 52
Starting permutation 53
Starting permutation 45
Starting permutation 47
Starting permutation 53
Starting permutation 43
Starting permutation 45
Starting permutation 54
Starting permutation 53
Starting permutation 46
Starting permutation 73
Starting permutation 54
Starting permutation 46
Starting permutation 63
Starting permutation 48
Starting permutation 44
Starting permutation 55
Starting permutation 54
Starting permutation 47
Starting permutation 55
Starting permutation 47
Starting permutation 55
Starting permutation 74
Starting permutation 56
Starting permutation 64
Starting permutation 45
Starting permutation 49
Starting permutation 48
Starting permutation 48
Starting permutation 56
Starting permutation 56
Starting permutation 49
Starting permutation 50
Starting permutation 57
Starting permutation 49
Starting permutation 46
Starting permutation 65
Starting permutation 57
Starting permutation 75
Starting permutation 50
Starting permutation 57
Starting permutation 58
Starting permutation 51
Starting permutation 47
Starting permutation 50
Starting permutation 58
Starting permutation 66
Starting permutation 76
Starting permutation 51
Starting permutation 59
Starting permutation 58
Starting permutation 52
Starting permutation 51
Starting permutation 59
Starting permutation 77
Starting permutation 52
Starting permutation 48
Starting permutation 67
Starting permutation 52
Starting permutation 60
Starting permutation 53
Starting permutation 59
Starting permutation 60
Starting permutation 78
Starting permutation 53
Starting permutation 53
Starting permutation 61
Starting permutation 61
Starting permutation 49
Starting permutation 54
Starting permutation 60
Starting permutation 68
Starting permutation 54
Starting permutation 54
Starting permutation 62
Starting permutation 62
Starting permutation 79
Starting permutation 55
Starting permutation 55
Starting permutation 50
Starting permutation 63
Starting permutation 55
Starting permutation 61
Starting permutation 69
Starting permutation 63
Starting permutation 80
Starting permutation 64
Starting permutation 56
Starting permutation 56
Starting permutation 56
Starting permutation 62
Starting permutation 51
Starting permutation 70
Starting permutation 65
Starting permutation 64
Starting permutation 81
Starting permutation 57
Starting permutation 57
Starting permutation 66
Starting permutation 63
Starting permutation 57
Starting permutation 65
Starting permutation 52
Starting permutation 71
Starting permutation 58
Starting permutation 67
Starting permutation 82
Starting permutation 58
Starting permutation 66
Starting permutation 58
Starting permutation 64
Starting permutation 72
Starting permutation 59
Starting permutation 68
Starting permutation 83
Starting permutation 53
Starting permutation 67
Starting permutation 59
Starting permutation 60
Starting permutation 69
Starting permutation 59
Starting permutation 65
Starting permutation 84
Starting permutation 68
Starting permutation 61
Starting permutation 70
Starting permutation 73
Starting permutation 66
Starting permutation 60
Starting permutation 60
Starting permutation 54
Starting permutation 69
Starting permutation 71
Starting permutation 62
Starting permutation 67
Starting permutation 74
Starting permutation 61
Critical Value for: randomise_clustere_tstat2 is: 6854
Starting permutation 72
Starting permutation 63
Starting permutation 61
Starting permutation 55
Starting permutation 70
Critical Value for: randomise_tfce_tstat2 is: 56123.4
Starting permutation 68
Starting permutation 73
Starting permutation 64
Starting permutation 62
Starting permutation 71
Starting permutation 62
Finished, exiting.
Starting permutation 74
Starting permutation 75
Starting permutation 56
Starting permutation 69
Starting permutation 65
Starting permutation 72
Starting permutation 75
Starting permutation 63
Starting permutation 70
Starting permutation 63
Starting permutation 76
Starting permutation 66
Starting permutation 57
Starting permutation 76
Starting permutation 73
Starting permutation 67
Starting permutation 71
Starting permutation 64
Starting permutation 77
Starting permutation 77
Starting permutation 64
Starting permutation 68
Starting permutation 58
Starting permutation 74
Starting permutation 72
Starting permutation 78
Starting permutation 65
Starting permutation 78
Starting permutation 75
Starting permutation 69
Starting permutation 65
Starting permutation 59
Starting permutation 79
Starting permutation 73
Starting permutation 70
Starting permutation 66
Starting permutation 76
Starting permutation 80
Starting permutation 66
Starting permutation 71
Starting permutation 79
Starting permutation 60
Starting permutation 74
Starting permutation 67
Starting permutation 77
Starting permutation 81
Starting permutation 72
Starting permutation 67
Starting permutation 75
Starting permutation 68
Starting permutation 82
Starting permutation 78
Starting permutation 80
Starting permutation 61
Starting permutation 73
Starting permutation 68
Starting permutation 83
Starting permutation 69
Starting permutation 76
Starting permutation 74
Starting permutation 79
Starting permutation 62
Starting permutation 84
Starting permutation 81
Starting permutation 69
Starting permutation 75
Starting permutation 70
Starting permutation 77
Starting permutation 80
Critical Value for: randomise_clustere_tstat2 is: 117
Starting permutation 70
Starting permutation 76
Starting permutation 71
Starting permutation 63
Critical Value for: randomise_tfce_tstat2 is: 31210.3
Starting permutation 82
Starting permutation 81
Starting permutation 78
Starting permutation 77
Starting permutation 72
Finished, exiting.
Starting permutation 71
Starting permutation 64
Starting permutation 82
Starting permutation 83
Starting permutation 73
Starting permutation 79
Starting permutation 78
Starting permutation 72
Starting permutation 65
Starting permutation 74
Starting permutation 79
Starting permutation 83
Starting permutation 84
Starting permutation 80
Starting permutation 73
Starting permutation 75
Starting permutation 84
Starting permutation 80
Starting permutation 66
Starting permutation 74
Starting permutation 81
Starting permutation 81
Critical Value for: randomise_clustere_tstat2 is: 171
Starting permutation 76
Critical Value for: randomise_clustere_tstat2 is: 6360
Starting permutation 75
Starting permutation 67
Starting permutation 82
Critical Value for: randomise_tfce_tstat2 is: 15309.8
Starting permutation 82
Critical Value for: randomise_tfce_tstat2 is: 74611
Finished, exiting.
Finished, exiting.
Starting permutation 77
Starting permutation 83
Starting permutation 76
Starting permutation 68
Starting permutation 83
Starting permutation 84
Starting permutation 78
Starting permutation 77
Starting permutation 69
Critical Value for: randomise_clustere_tstat2 is: 667
Starting permutation 84
Starting permutation 79
Critical Value for: randomise_tfce_tstat2 is: 25773.4
Finished, exiting.
Starting permutation 78
Starting permutation 70
Critical Value for: randomise_clustere_tstat2 is: 472
Starting permutation 80
Critical Value for: randomise_tfce_tstat2 is: 26788.8
Starting permutation 79
Finished, exiting.
Starting permutation 81
Starting permutation 71
Starting permutation 80
Starting permutation 82
Starting permutation 72
Starting permutation 83
Starting permutation 81
Starting permutation 73
Starting permutation 84
Starting permutation 82
Starting permutation 74
Critical Value for: randomise_clustere_tstat2 is: 176
Starting permutation 83
Critical Value for: randomise_tfce_tstat2 is: 21772.1
Finished, exiting.
Starting permutation 75
Starting permutation 84
Starting permutation 76
Critical Value for: randomise_clustere_tstat2 is: 333
Starting permutation 77
Critical Value for: randomise_tfce_tstat2 is: 26913.8
Finished, exiting.
Starting permutation 78
Starting permutation 79
Starting permutation 80
Starting permutation 81
Starting permutation 82
Starting permutation 83
Starting permutation 84
Critical Value for: randomise_clustere_tstat2 is: 5731
Critical Value for: randomise_tfce_tstat2 is: 72108.5
Finished, exiting.
